// Jest Snapshot v1, https://goo.gl/fbAQLP

exports[` 1`] = `
<footer
  className="footer"
  data-test="FooterComponent"
  id="contact"
>
  <div
    className="col-sm-auto fade-in-bottom"
  >
    <a
      className="btn btn--light mb-4"
      data-test="ButtonComponent"
      href="#"
    >
      Contact me
    </a>
    <div
      className="footer__social"
      data-test="IconComponent"
    >
      <ul
        className="d-flex flex-row justify-content-center mb-4"
      />
    </div>
    <p
      className="footer__copyright"
    >
      Kevin Snijders © 
      2019
       all rights reserved
    </p>
    <div
      className="footer__back-to-top"
    >
      <a
        href="#top"
      >
        <svg
          className="icon icon-keyboard_arrow_up bounce"
          data-test="IconComponent"
        >
          <use
            xlinkHref="#.icon-keyboard_arrow_up"
          />
        </svg>
      </a>
    </div>
  </div>
</footer>
`;
