// Jest Snapshot v1, https://goo.gl/fbAQLP

exports[` 1`] = `
<ul
  className="d-flex flex-row "
  data-test="SocialComponent"
>
  <li
    className="pl-2 pr-2"
  >
    <a
      aria-label="display a brand icon"
      href="#"
    >
      <svg
        className="icon icon-github-square-brands "
        data-test="IconComponent"
      >
        <use
          xlinkHref="#icon-github-square-brands"
        />
      </svg>
    </a>
  </li>
  <li
    className="pl-2 pr-2"
  >
    <a
      aria-label="display a brand icon"
      href="#"
    >
      <svg
        className="icon icon-linkedin-brands "
        data-test="IconComponent"
      >
        <use
          xlinkHref="#icon-linkedin-brands"
        />
      </svg>
    </a>
  </li>
</ul>
`;
